Archive member included to satisfy reference by file (symbol)

c:/program files (x86)/atmel/studio/7.0/toolchain/avr8/avr8-gnu-toolchain/bin/../lib/gcc/avr/5.4.0/avr5\libgcc.a(_exit.o)
                              C:/Program Files (x86)/Atmel/Studio/7.0/Packs/atmel/ATmega_DFP/1.7.374/gcc/dev/atmega32/avr5/crtatmega32.o (exit)
c:/program files (x86)/atmel/studio/7.0/toolchain/avr8/avr8-gnu-toolchain/bin/../lib/gcc/avr/5.4.0/avr5\libgcc.a(_clear_bss.o)
                              MCAL/EXTI/source/EXTI.o (__do_clear_bss)

Allocating common symbols
Common symbol       size              file

INT0_ptr            0x2               MCAL/EXTI/source/EXTI.o
INT2_ptr            0x2               MCAL/EXTI/source/EXTI.o
INT1_ptr            0x2               MCAL/EXTI/source/EXTI.o

Discarded input sections

 .data          0x00000000        0x0 C:/Program Files (x86)/Atmel/Studio/7.0/Packs/atmel/ATmega_DFP/1.7.374/gcc/dev/atmega32/avr5/crtatmega32.o
 .bss           0x00000000        0x0 C:/Program Files (x86)/Atmel/Studio/7.0/Packs/atmel/ATmega_DFP/1.7.374/gcc/dev/atmega32/avr5/crtatmega32.o
 .text          0x00000000        0x0 APP/source/APP.o
 .data          0x00000000        0x0 APP/source/APP.o
 .bss           0x00000000        0x0 APP/source/APP.o
 .text          0x00000000        0x0 HAL/dc_motors/source/dc_motor.o
 .data          0x00000000        0x0 HAL/dc_motors/source/dc_motor.o
 .bss           0x00000000        0x0 HAL/dc_motors/source/dc_motor.o
 .text          0x00000000        0x0 HAL/LCD/source/CLCD.o
 .data          0x00000000        0x0 HAL/LCD/source/CLCD.o
 .bss           0x00000000        0x0 HAL/LCD/source/CLCD.o
 .text.CLCD_voidSendString
                0x00000000       0x26 HAL/LCD/source/CLCD.o
 .text.CLCD_SetDDRAM_ADD
                0x00000000       0x18 HAL/LCD/source/CLCD.o
 .text.CLCD_SetCGRAM_ADD
                0x00000000       0x56 HAL/LCD/source/CLCD.o
 .text.CLCD_voidClearDisplay
                0x00000000        0x8 HAL/LCD/source/CLCD.o
 .text          0x00000000        0x0 main.o
 .data          0x00000000        0x0 main.o
 .bss           0x00000000        0x0 main.o
 .text          0x00000000        0x0 MCAL/bluetooth/source/bluetooth.o
 .data          0x00000000        0x0 MCAL/bluetooth/source/bluetooth.o
 .bss           0x00000000        0x0 MCAL/bluetooth/source/bluetooth.o
 .text.UART_voidTxChar
                0x00000000        0x8 MCAL/bluetooth/source/bluetooth.o
 .text.UART_voidTxString
                0x00000000       0x26 MCAL/bluetooth/source/bluetooth.o
 .text          0x00000000        0x0 MCAL/DIO/source/dio.o
 .data          0x00000000        0x0 MCAL/DIO/source/dio.o
 .bss           0x00000000        0x0 MCAL/DIO/source/dio.o
 .text.DIO_u8GetPinValue
                0x00000000       0x84 MCAL/DIO/source/dio.o
 .text.DIO_u8SetPortDirection
                0x00000000       0x74 MCAL/DIO/source/dio.o
 .text.DIO_u8SetPortValue
                0x00000000       0x74 MCAL/DIO/source/dio.o
 .text          0x00000000        0x0 MCAL/EXTI/source/EXTI.o
 .data          0x00000000        0x0 MCAL/EXTI/source/EXTI.o
 .bss           0x00000000        0x0 MCAL/EXTI/source/EXTI.o
 .text.EXTI_voidSetCallBack
                0x00000000       0x2a MCAL/EXTI/source/EXTI.o
 .text.EXTI_voidEnableInterrupt
                0x00000000       0x24 MCAL/EXTI/source/EXTI.o
 .text.EXTI_voidDisableInterrupt
                0x00000000       0x24 MCAL/EXTI/source/EXTI.o
 .text.EXTI_voidSenseControl
                0x00000000       0xb8 MCAL/EXTI/source/EXTI.o
 .text          0x00000000        0x0 MCAL/GLOI/source/GLOI.o
 .data          0x00000000        0x0 MCAL/GLOI/source/GLOI.o
 .bss           0x00000000        0x0 MCAL/GLOI/source/GLOI.o
 .text.GLOI_voidEnableGlobalInt
                0x00000000        0x4 MCAL/GLOI/source/GLOI.o
 .text.GLOI_voidDisableGlobalInt
                0x00000000        0x4 MCAL/GLOI/source/GLOI.o
 .debug_info    0x00000000       0x8c MCAL/GLOI/source/GLOI.o
 .debug_abbrev  0x00000000       0x37 MCAL/GLOI/source/GLOI.o
 .debug_aranges
                0x00000000       0x28 MCAL/GLOI/source/GLOI.o
 .debug_ranges  0x00000000       0x18 MCAL/GLOI/source/GLOI.o
 .debug_line    0x00000000       0x64 MCAL/GLOI/source/GLOI.o
 .debug_str     0x00000000      0x1a3 MCAL/GLOI/source/GLOI.o
 .comment       0x00000000       0x31 MCAL/GLOI/source/GLOI.o
 .debug_frame   0x00000000       0x34 MCAL/GLOI/source/GLOI.o
 .text          0x00000000        0x0 c:/program files (x86)/atmel/studio/7.0/toolchain/avr8/avr8-gnu-toolchain/bin/../lib/gcc/avr/5.4.0/avr5\libgcc.a(_exit.o)
 .data          0x00000000        0x0 c:/program files (x86)/atmel/studio/7.0/toolchain/avr8/avr8-gnu-toolchain/bin/../lib/gcc/avr/5.4.0/avr5\libgcc.a(_exit.o)
 .bss           0x00000000        0x0 c:/program files (x86)/atmel/studio/7.0/toolchain/avr8/avr8-gnu-toolchain/bin/../lib/gcc/avr/5.4.0/avr5\libgcc.a(_exit.o)
 .text.libgcc.mul
                0x00000000        0x0 c:/program files (x86)/atmel/studio/7.0/toolchain/avr8/avr8-gnu-toolchain/bin/../lib/gcc/avr/5.4.0/avr5\libgcc.a(_exit.o)
 .text.libgcc.div
                0x00000000        0x0 c:/program files (x86)/atmel/studio/7.0/toolchain/avr8/avr8-gnu-toolchain/bin/../lib/gcc/avr/5.4.0/avr5\libgcc.a(_exit.o)
 .text.libgcc   0x00000000        0x0 c:/program files (x86)/atmel/studio/7.0/toolchain/avr8/avr8-gnu-toolchain/bin/../lib/gcc/avr/5.4.0/avr5\libgcc.a(_exit.o)
 .text.libgcc.prologue
                0x00000000        0x0 c:/program files (x86)/atmel/studio/7.0/toolchain/avr8/avr8-gnu-toolchain/bin/../lib/gcc/avr/5.4.0/avr5\libgcc.a(_exit.o)
 .text.libgcc.builtins
                0x00000000        0x0 c:/program files (x86)/atmel/studio/7.0/toolchain/avr8/avr8-gnu-toolchain/bin/../lib/gcc/avr/5.4.0/avr5\libgcc.a(_exit.o)
 .text.libgcc.fmul
                0x00000000        0x0 c:/program files (x86)/atmel/studio/7.0/toolchain/avr8/avr8-gnu-toolchain/bin/../lib/gcc/avr/5.4.0/avr5\libgcc.a(_exit.o)
 .text.libgcc.fixed
                0x00000000        0x0 c:/program files (x86)/atmel/studio/7.0/toolchain/avr8/avr8-gnu-toolchain/bin/../lib/gcc/avr/5.4.0/avr5\libgcc.a(_exit.o)
 .text          0x00000000        0x0 c:/program files (x86)/atmel/studio/7.0/toolchain/avr8/avr8-gnu-toolchain/bin/../lib/gcc/avr/5.4.0/avr5\libgcc.a(_clear_bss.o)
 .data          0x00000000        0x0 c:/program files (x86)/atmel/studio/7.0/toolchain/avr8/avr8-gnu-toolchain/bin/../lib/gcc/avr/5.4.0/avr5\libgcc.a(_clear_bss.o)
 .bss           0x00000000        0x0 c:/program files (x86)/atmel/studio/7.0/toolchain/avr8/avr8-gnu-toolchain/bin/../lib/gcc/avr/5.4.0/avr5\libgcc.a(_clear_bss.o)
 .text.libgcc.mul
                0x00000000        0x0 c:/program files (x86)/atmel/studio/7.0/toolchain/avr8/avr8-gnu-toolchain/bin/../lib/gcc/avr/5.4.0/avr5\libgcc.a(_clear_bss.o)
 .text.libgcc.div
                0x00000000        0x0 c:/program files (x86)/atmel/studio/7.0/toolchain/avr8/avr8-gnu-toolchain/bin/../lib/gcc/avr/5.4.0/avr5\libgcc.a(_clear_bss.o)
 .text.libgcc   0x00000000        0x0 c:/program files (x86)/atmel/studio/7.0/toolchain/avr8/avr8-gnu-toolchain/bin/../lib/gcc/avr/5.4.0/avr5\libgcc.a(_clear_bss.o)
 .text.libgcc.prologue
                0x00000000        0x0 c:/program files (x86)/atmel/studio/7.0/toolchain/avr8/avr8-gnu-toolchain/bin/../lib/gcc/avr/5.4.0/avr5\libgcc.a(_clear_bss.o)
 .text.libgcc.builtins
                0x00000000        0x0 c:/program files (x86)/atmel/studio/7.0/toolchain/avr8/avr8-gnu-toolchain/bin/../lib/gcc/avr/5.4.0/avr5\libgcc.a(_clear_bss.o)
 .text.libgcc.fmul
                0x00000000        0x0 c:/program files (x86)/atmel/studio/7.0/toolchain/avr8/avr8-gnu-toolchain/bin/../lib/gcc/avr/5.4.0/avr5\libgcc.a(_clear_bss.o)
 .text.libgcc.fixed
                0x00000000        0x0 c:/program files (x86)/atmel/studio/7.0/toolchain/avr8/avr8-gnu-toolchain/bin/../lib/gcc/avr/5.4.0/avr5\libgcc.a(_clear_bss.o)

Memory Configuration

Name             Origin             Length             Attributes
text             0x00000000         0x00008000         xr
data             0x00800060         0x00000800         rw !x
eeprom           0x00810000         0x00000400         rw !x
fuse             0x00820000         0x00000002         rw !x
lock             0x00830000         0x00000400         rw !x
signature        0x00840000         0x00000400         rw !x
user_signatures  0x00850000         0x00000400         rw !x
*default*        0x00000000         0xffffffff

Linker script and memory map

LOAD C:/Program Files (x86)/Atmel/Studio/7.0/Packs/atmel/ATmega_DFP/1.7.374/gcc/dev/atmega32/avr5/crtatmega32.o
LOAD APP/source/APP.o
LOAD HAL/dc_motors/source/dc_motor.o
LOAD HAL/LCD/source/CLCD.o
LOAD main.o
LOAD MCAL/bluetooth/source/bluetooth.o
LOAD MCAL/DIO/source/dio.o
LOAD MCAL/EXTI/source/EXTI.o
LOAD MCAL/GLOI/source/GLOI.o
START GROUP
LOAD c:/program files (x86)/atmel/studio/7.0/toolchain/avr8/avr8-gnu-toolchain/bin/../lib/gcc/avr/5.4.0/../../../../avr/lib/avr5\libm.a
END GROUP
START GROUP
LOAD c:/program files (x86)/atmel/studio/7.0/toolchain/avr8/avr8-gnu-toolchain/bin/../lib/gcc/avr/5.4.0/avr5\libgcc.a
LOAD c:/program files (x86)/atmel/studio/7.0/toolchain/avr8/avr8-gnu-toolchain/bin/../lib/gcc/avr/5.4.0/../../../../avr/lib/avr5\libm.a
LOAD c:/program files (x86)/atmel/studio/7.0/toolchain/avr8/avr8-gnu-toolchain/bin/../lib/gcc/avr/5.4.0/../../../../avr/lib/avr5\libc.a
LOAD C:/Program Files (x86)/Atmel/Studio/7.0/Packs/atmel/ATmega_DFP/1.7.374/gcc/dev/atmega32/avr5\libatmega32.a
END GROUP
                0x00000000                __TEXT_REGION_ORIGIN__ = DEFINED (__TEXT_REGION_ORIGIN__)?__TEXT_REGION_ORIGIN__:0x0
                [0x00800060]                __DATA_REGION_ORIGIN__ = DEFINED (__DATA_REGION_ORIGIN__)?__DATA_REGION_ORIGIN__:0x800060
                [0x00008000]                __TEXT_REGION_LENGTH__ = DEFINED (__TEXT_REGION_LENGTH__)?__TEXT_REGION_LENGTH__:0x20000
                [0x00000800]                __DATA_REGION_LENGTH__ = DEFINED (__DATA_REGION_LENGTH__)?__DATA_REGION_LENGTH__:0xffa0
                [0x00000400]                __EEPROM_REGION_LENGTH__ = DEFINED (__EEPROM_REGION_LENGTH__)?__EEPROM_REGION_LENGTH__:0x10000
                [0x00000002]                __FUSE_REGION_LENGTH__ = DEFINED (__FUSE_REGION_LENGTH__)?__FUSE_REGION_LENGTH__:0x400
                0x00000400                __LOCK_REGION_LENGTH__ = DEFINED (__LOCK_REGION_LENGTH__)?__LOCK_REGION_LENGTH__:0x400
                0x00000400                __SIGNATURE_REGION_LENGTH__ = DEFINED (__SIGNATURE_REGION_LENGTH__)?__SIGNATURE_REGION_LENGTH__:0x400
                0x00000400                __USER_SIGNATURE_REGION_LENGTH__ = DEFINED (__USER_SIGNATURE_REGION_LENGTH__)?__USER_SIGNATURE_REGION_LENGTH__:0x400

.hash
 *(.hash)

.dynsym
 *(.dynsym)

.dynstr
 *(.dynstr)

.gnu.version
 *(.gnu.version)

.gnu.version_d
 *(.gnu.version_d)

.gnu.version_r
 *(.gnu.version_r)

.rel.init
 *(.rel.init)

.rela.init
 *(.rela.init)

.rel.text
 *(.rel.text)
 *(.rel.text.*)
 *(.rel.gnu.linkonce.t*)

.rela.text
 *(.rela.text)
 *(.rela.text.*)
 *(.rela.gnu.linkonce.t*)

.rel.fini
 *(.rel.fini)

.rela.fini
 *(.rela.fini)

.rel.rodata
 *(.rel.rodata)
 *(.rel.rodata.*)
 *(.rel.gnu.linkonce.r*)

.rela.rodata
 *(.rela.rodata)
 *(.rela.rodata.*)
 *(.rela.gnu.linkonce.r*)

.rel.data
 *(.rel.data)
 *(.rel.data.*)
 *(.rel.gnu.linkonce.d*)

.rela.data
 *(.rela.data)
 *(.rela.data.*)
 *(.rela.gnu.linkonce.d*)

.rel.ctors
 *(.rel.ctors)

.rela.ctors
 *(.rela.ctors)

.rel.dtors
 *(.rel.dtors)

.rela.dtors
 *(.rela.dtors)

.rel.got
 *(.rel.got)

.rela.got
 *(.rela.got)

.rel.bss
 *(.rel.bss)

.rela.bss
 *(.rela.bss)

.rel.plt
 *(.rel.plt)

.rela.plt
 *(.rela.plt)

.text           0x00000000      0x792
 *(.vectors)
 .vectors       0x00000000       0x54 C:/Program Files (x86)/Atmel/Studio/7.0/Packs/atmel/ATmega_DFP/1.7.374/gcc/dev/atmega32/avr5/crtatmega32.o
                0x00000000                __vector_default
                0x00000000                __vectors
 *(.vectors)
 *(.progmem.gcc*)
                0x00000054                . = ALIGN (0x2)
                0x00000054                __trampolines_start = .
 *(.trampolines)
 .trampolines   0x00000054        0x0 linker stubs
 *(.trampolines*)
                0x00000054                __trampolines_end = .
 *libprintf_flt.a:*(.progmem.data)
 *libc.a:*(.progmem.data)
 *(.progmem*)
                0x00000054                . = ALIGN (0x2)
 *(.jumptables)
 *(.jumptables*)
 *(.lowtext)
 *(.lowtext*)
                0x00000054                __ctors_start = .
 *(.ctors)
                0x00000054                __ctors_end = .
                0x00000054                __dtors_start = .
 *(.dtors)
                0x00000054                __dtors_end = .
 SORT(*)(.ctors)
 SORT(*)(.dtors)
 *(.init0)
 .init0         0x00000054        0x0 C:/Program Files (x86)/Atmel/Studio/7.0/Packs/atmel/ATmega_DFP/1.7.374/gcc/dev/atmega32/avr5/crtatmega32.o
                0x00000054                __init
 *(.init0)
 *(.init1)
 *(.init1)
 *(.init2)
 .init2         0x00000054        0xc C:/Program Files (x86)/Atmel/Studio/7.0/Packs/atmel/ATmega_DFP/1.7.374/gcc/dev/atmega32/avr5/crtatmega32.o
 *(.init2)
 *(.init3)
 *(.init3)
 *(.init4)
 .init4         0x00000060       0x10 c:/program files (x86)/atmel/studio/7.0/toolchain/avr8/avr8-gnu-toolchain/bin/../lib/gcc/avr/5.4.0/avr5\libgcc.a(_clear_bss.o)
                0x00000060                __do_clear_bss
 *(.init4)
 *(.init5)
 *(.init5)
 *(.init6)
 *(.init6)
 *(.init7)
 *(.init7)
 *(.init8)
 *(.init8)
 *(.init9)
 .init9         0x00000070        0x8 C:/Program Files (x86)/Atmel/Studio/7.0/Packs/atmel/ATmega_DFP/1.7.374/gcc/dev/atmega32/avr5/crtatmega32.o
 *(.init9)
 *(.text)
 .text          0x00000078        0x4 C:/Program Files (x86)/Atmel/Studio/7.0/Packs/atmel/ATmega_DFP/1.7.374/gcc/dev/atmega32/avr5/crtatmega32.o
                0x00000078                __vector_12
                0x00000078                __bad_interrupt
                0x00000078                __vector_6
                0x00000078                __vector_11
                0x00000078                __vector_13
                0x00000078                __vector_17
                0x00000078                __vector_19
                0x00000078                __vector_7
                0x00000078                __vector_5
                0x00000078                __vector_4
                0x00000078                __vector_9
                0x00000078                __vector_15
                0x00000078                __vector_8
                0x00000078                __vector_14
                0x00000078                __vector_10
                0x00000078                __vector_16
                0x00000078                __vector_18
                0x00000078                __vector_20
                0x0000007c                . = ALIGN (0x2)
 *(.text.*)
 .text.APP      0x0000007c       0x54 APP/source/APP.o
                0x0000007c                APP
 .text.DC_forward
                0x000000d0       0x72 HAL/dc_motors/source/dc_motor.o
                0x000000d0                DC_forward
 .text.DC_left  0x00000142       0x60 HAL/dc_motors/source/dc_motor.o
                0x00000142                DC_left
 .text.DC_right
                0x000001a2       0x66 HAL/dc_motors/source/dc_motor.o
                0x000001a2                DC_right
 .text.DC_stop  0x00000208       0x60 HAL/dc_motors/source/dc_motor.o
                0x00000208                DC_stop
 .text.DC_backward
                0x00000268       0x78 HAL/dc_motors/source/dc_motor.o
                0x00000268                DC_backward
 .text.CLCD_voidSendCommand
                0x000002e0       0x7a HAL/LCD/source/CLCD.o
                0x000002e0                CLCD_voidSendCommand
 .text.CLCD_voidSendchar
                0x0000035a       0x7a HAL/LCD/source/CLCD.o
                0x0000035a                CLCD_voidSendchar
 .text.CLCS_voidinit
                0x000003d4       0x72 HAL/LCD/source/CLCD.o
                0x000003d4                CLCS_voidinit
 .text.main     0x00000446        0x6 main.o
                0x00000446                main
 .text.UART_voidInit
                0x0000044c       0x22 MCAL/bluetooth/source/bluetooth.o
                0x0000044c                UART_voidInit
 .text.UART_u8RxChar
                0x0000046e       0x16 MCAL/bluetooth/source/bluetooth.o
                0x0000046e                UART_u8RxChar
 .text.DIO_u8SetPinDirection
                0x00000484      0x110 MCAL/DIO/source/dio.o
                0x00000484                DIO_u8SetPinDirection
 .text.DIO_u8SetPinValue
                0x00000594      0x110 MCAL/DIO/source/dio.o
                0x00000594                DIO_u8SetPinValue
 .text.__vector_1
                0x000006a4       0x4e MCAL/EXTI/source/EXTI.o
                0x000006a4                __vector_1
 .text.__vector_2
                0x000006f2       0x4e MCAL/EXTI/source/EXTI.o
                0x000006f2                __vector_2
 .text.__vector_3
                0x00000740       0x4e MCAL/EXTI/source/EXTI.o
                0x00000740                __vector_3
                0x0000078e                . = ALIGN (0x2)
 *(.fini9)
 .fini9         0x0000078e        0x0 c:/program files (x86)/atmel/studio/7.0/toolchain/avr8/avr8-gnu-toolchain/bin/../lib/gcc/avr/5.4.0/avr5\libgcc.a(_exit.o)
                0x0000078e                _exit
                0x0000078e                exit
 *(.fini9)
 *(.fini8)
 *(.fini8)
 *(.fini7)
 *(.fini7)
 *(.fini6)
 *(.fini6)
 *(.fini5)
 *(.fini5)
 *(.fini4)
 *(.fini4)
 *(.fini3)
 *(.fini3)
 *(.fini2)
 *(.fini2)
 *(.fini1)
 *(.fini1)
 *(.fini0)
 .fini0         0x0000078e        0x4 c:/program files (x86)/atmel/studio/7.0/toolchain/avr8/avr8-gnu-toolchain/bin/../lib/gcc/avr/5.4.0/avr5\libgcc.a(_exit.o)
 *(.fini0)
                0x00000792                _etext = .

.data           0x00800060        0x0 load address 0x00000792
                [!provide]                PROVIDE (__data_start, .)
 *(.data)
 *(.data*)
 *(.gnu.linkonce.d*)
 *(.rodata)
 *(.rodata*)
 *(.gnu.linkonce.r*)
                0x00800060                . = ALIGN (0x2)
                0x00800060                _edata = .
                [!provide]                PROVIDE (__data_end, .)

.bss            0x00800060        0x6
                0x00800060                PROVIDE (__bss_start, .)
 *(.bss)
 *(.bss*)
 *(COMMON)
 COMMON         0x00800060        0x6 MCAL/EXTI/source/EXTI.o
                0x00800060                INT0_ptr
                0x00800062                INT2_ptr
                0x00800064                INT1_ptr
                0x00800066                PROVIDE (__bss_end, .)
                0x00000792                __data_load_start = LOADADDR (.data)
                0x00000792                __data_load_end = (__data_load_start + SIZEOF (.data))

.noinit         0x00800066        0x0
                [!provide]                PROVIDE (__noinit_start, .)
 *(.noinit*)
                [!provide]                PROVIDE (__noinit_end, .)
                0x00800066                _end = .
                [!provide]                PROVIDE (__heap_start, .)

.eeprom         0x00810000        0x0
 *(.eeprom*)
                0x00810000                __eeprom_end = .

.fuse
 *(.fuse)
 *(.lfuse)
 *(.hfuse)
 *(.efuse)

.lock
 *(.lock*)

.signature
 *(.signature*)

.user_signatures
 *(.user_signatures*)

.stab
 *(.stab)

.stabstr
 *(.stabstr)

.stab.excl
 *(.stab.excl)

.stab.exclstr
 *(.stab.exclstr)

.stab.index
 *(.stab.index)

.stab.indexstr
 *(.stab.indexstr)

.comment        0x00000000       0x30
 *(.comment)
 .comment       0x00000000       0x30 APP/source/APP.o
                                 0x31 (size before relaxing)
 .comment       0x00000030       0x31 HAL/dc_motors/source/dc_motor.o
 .comment       0x00000030       0x31 HAL/LCD/source/CLCD.o
 .comment       0x00000030       0x31 main.o
 .comment       0x00000030       0x31 MCAL/bluetooth/source/bluetooth.o
 .comment       0x00000030       0x31 MCAL/DIO/source/dio.o
 .comment       0x00000030       0x31 MCAL/EXTI/source/EXTI.o

.note.gnu.avr.deviceinfo
                0x00000000       0x3c
 .note.gnu.avr.deviceinfo
                0x00000000       0x3c C:/Program Files (x86)/Atmel/Studio/7.0/Packs/atmel/ATmega_DFP/1.7.374/gcc/dev/atmega32/avr5/crtatmega32.o

.note.gnu.build-id
 *(.note.gnu.build-id)

.debug
 *(.debug)

.line
 *(.line)

.debug_srcinfo
 *(.debug_srcinfo)

.debug_sfnames
 *(.debug_sfnames)

.debug_aranges  0x00000000      0x198
 *(.debug_aranges)
 .debug_aranges
                0x00000000       0x20 APP/source/APP.o
 .debug_aranges
                0x00000020       0x40 HAL/dc_motors/source/dc_motor.o
 .debug_aranges
                0x00000060       0x50 HAL/LCD/source/CLCD.o
 .debug_aranges
                0x000000b0       0x20 main.o
 .debug_aranges
                0x000000d0       0x38 MCAL/bluetooth/source/bluetooth.o
 .debug_aranges
                0x00000108       0x40 MCAL/DIO/source/dio.o
 .debug_aranges
                0x00000148       0x50 MCAL/EXTI/source/EXTI.o

.debug_pubnames
 *(.debug_pubnames)

.debug_info     0x00000000     0x19e3
 *(.debug_info .gnu.linkonce.wi.*)
 .debug_info    0x00000000      0x4e6 C:/Program Files (x86)/Atmel/Studio/7.0/Packs/atmel/ATmega_DFP/1.7.374/gcc/dev/atmega32/avr5/crtatmega32.o
 .debug_info    0x000004e6      0x184 APP/source/APP.o
 .debug_info    0x0000066a      0x742 HAL/dc_motors/source/dc_motor.o
 .debug_info    0x00000dac      0x657 HAL/LCD/source/CLCD.o
 .debug_info    0x00001403       0xd1 main.o
 .debug_info    0x000014d4      0x152 MCAL/bluetooth/source/bluetooth.o
 .debug_info    0x00001626      0x20c MCAL/DIO/source/dio.o
 .debug_info    0x00001832      0x1b1 MCAL/EXTI/source/EXTI.o

.debug_abbrev   0x00000000      0xa08
 *(.debug_abbrev)
 .debug_abbrev  0x00000000      0x4a3 C:/Program Files (x86)/Atmel/Studio/7.0/Packs/atmel/ATmega_DFP/1.7.374/gcc/dev/atmega32/avr5/crtatmega32.o
 .debug_abbrev  0x000004a3       0xb1 APP/source/APP.o
 .debug_abbrev  0x00000554       0x85 HAL/dc_motors/source/dc_motor.o
 .debug_abbrev  0x000005d9      0x180 HAL/LCD/source/CLCD.o
 .debug_abbrev  0x00000759       0x89 main.o
 .debug_abbrev  0x000007e2       0xed MCAL/bluetooth/source/bluetooth.o
 .debug_abbrev  0x000008cf       0x9a MCAL/DIO/source/dio.o
 .debug_abbrev  0x00000969       0x9f MCAL/EXTI/source/EXTI.o

.debug_line     0x00000000     0x1109
 *(.debug_line .debug_line.* .debug_line_end)
 .debug_line    0x00000000      0x116 C:/Program Files (x86)/Atmel/Studio/7.0/Packs/atmel/ATmega_DFP/1.7.374/gcc/dev/atmega32/avr5/crtatmega32.o
 .debug_line    0x00000116      0x14e APP/source/APP.o
 .debug_line    0x00000264      0x2a0 HAL/dc_motors/source/dc_motor.o
 .debug_line    0x00000504      0x359 HAL/LCD/source/CLCD.o
 .debug_line    0x0000085d       0x43 main.o
 .debug_line    0x000008a0      0x1b0 MCAL/bluetooth/source/bluetooth.o
 .debug_line    0x00000a50      0x483 MCAL/DIO/source/dio.o
 .debug_line    0x00000ed3      0x236 MCAL/EXTI/source/EXTI.o

.debug_frame    0x00000000      0x3a4
 *(.debug_frame)
 .debug_frame   0x00000000       0x34 APP/source/APP.o
 .debug_frame   0x00000034       0x64 HAL/dc_motors/source/dc_motor.o
 .debug_frame   0x00000098       0xc4 HAL/LCD/source/CLCD.o
 .debug_frame   0x0000015c       0x24 main.o
 .debug_frame   0x00000180       0x64 MCAL/bluetooth/source/bluetooth.o
 .debug_frame   0x000001e4       0x64 MCAL/DIO/source/dio.o
 .debug_frame   0x00000248      0x15c MCAL/EXTI/source/EXTI.o

.debug_str      0x00000000      0x6a5
 *(.debug_str)
 .debug_str     0x00000000      0x196 C:/Program Files (x86)/Atmel/Studio/7.0/Packs/atmel/ATmega_DFP/1.7.374/gcc/dev/atmega32/avr5/crtatmega32.o
 .debug_str     0x00000196      0x1c6 APP/source/APP.o
                                0x1fa (size before relaxing)
 .debug_str     0x0000035c       0x5c HAL/dc_motors/source/dc_motor.o
                                0x221 (size before relaxing)
 .debug_str     0x000003b8       0xdb HAL/LCD/source/CLCD.o
                                0x2b3 (size before relaxing)
 .debug_str     0x00000493       0x11 main.o
                                0x198 (size before relaxing)
 .debug_str     0x000004a4       0xa0 MCAL/bluetooth/source/bluetooth.o
                                0x243 (size before relaxing)
 .debug_str     0x00000544       0x88 MCAL/DIO/source/dio.o
                                0x205 (size before relaxing)
 .debug_str     0x000005cc       0xd9 MCAL/EXTI/source/EXTI.o
                                0x22e (size before relaxing)

.debug_loc      0x00000000      0xff8
 *(.debug_loc)
 .debug_loc     0x00000000       0x48 APP/source/APP.o
 .debug_loc     0x00000048      0x45d HAL/LCD/source/CLCD.o
 .debug_loc     0x000004a5       0xf6 MCAL/bluetooth/source/bluetooth.o
 .debug_loc     0x0000059b      0x654 MCAL/DIO/source/dio.o
 .debug_loc     0x00000bef      0x409 MCAL/EXTI/source/EXTI.o

.debug_macinfo
 *(.debug_macinfo)

.debug_weaknames
 *(.debug_weaknames)

.debug_funcnames
 *(.debug_funcnames)

.debug_typenames
 *(.debug_typenames)

.debug_varnames
 *(.debug_varnames)

.debug_pubtypes
 *(.debug_pubtypes)

.debug_ranges   0x00000000      0x128
 *(.debug_ranges)
 .debug_ranges  0x00000000       0x10 APP/source/APP.o
 .debug_ranges  0x00000010       0x30 HAL/dc_motors/source/dc_motor.o
 .debug_ranges  0x00000040       0x40 HAL/LCD/source/CLCD.o
 .debug_ranges  0x00000080       0x10 main.o
 .debug_ranges  0x00000090       0x28 MCAL/bluetooth/source/bluetooth.o
 .debug_ranges  0x000000b8       0x30 MCAL/DIO/source/dio.o
 .debug_ranges  0x000000e8       0x40 MCAL/EXTI/source/EXTI.o

.debug_macro
 *(.debug_macro)
OUTPUT(graduation project.elf elf32-avr)
LOAD linker stubs
